
[Test_Eval/add - 1]
float64(5)
---

[Test_Eval/multiply - 1]
float64(6)
---

[Test_Eval/number - 1]
float64(2)
---
